---
source: framec/tests/javascript_snapshots.rs
expression: "compile_fixture(\"05_pushpop\", \"javascript\")"
---
export class PushPopFrameEvent {
    _message;
    _parameters;

    constructor(message, parameters) {
        this._message = message;
        this._parameters = parameters;
    }
}


export class PushPopFrameContext {
    event;
    _return;
    _data;
    _transitioned;

    constructor(event, default_return) {
        this.event = event;
        this._return = default_return;
        this._data = {  };
        this._transitioned = false;
    }
}


export class PushPopCompartment {
    state;
    state_args;
    state_vars;
    enter_args;
    exit_args;
    forward_event;
    parent_compartment;

    constructor(state, parent_compartment = null) {
        this.state = state;
        this.state_args = [];
        this.state_vars = {  };
        this.enter_args = [];
        this.exit_args = [];
        this.forward_event = null;
        this.parent_compartment = parent_compartment;
    }

    copy() {
        const c = new PushPopCompartment(this.state, this.parent_compartment);
        c.state_args = {...this.state_args};
        c.state_vars = {...this.state_vars};
        c.enter_args = {...this.enter_args};
        c.exit_args = {...this.exit_args};
        c.forward_event = this.forward_event;
        return c;
    }
}


export class PushPop {
    _state_stack;
    __compartment;
    __next_compartment;
    _context_stack;
    pings = 0;
    leaves = 0;

    constructor() {
        this._state_stack = [];
        this._context_stack = [];
        this.__compartment = this.__prepareEnter("Idle", [], []);
        this.__next_compartment = null;
    }

    _frame_init() {
        const __e = new PushPopFrameEvent("$>", this.__compartment.enter_args);
        const __ctx = new PushPopFrameContext(__e, null);
        this._context_stack.push(__ctx);
        this.__kernel(__e);
        this._context_stack.pop();
    }

    static _create() {
        const c = new PushPop();
        c._frame_init();
        return c;
    }

    static _HSM_CHAIN = {
        "Idle": ["Idle"],
        "Nested": ["Nested"],
    };
    __prepareEnter(leaf, state_args, enter_args) {
        let comp = null;
        for (const name of PushPop._HSM_CHAIN[leaf]) {
            const new_comp = new PushPopCompartment(name);
            new_comp.state_args = [...state_args];
            new_comp.enter_args = [...enter_args];
            new_comp.parent_compartment = comp;
            comp = new_comp;
        }
        return comp;
    }

    __prepareExit(exit_args) {
        let comp = this.__compartment;
        while (comp !== null) {
            comp.exit_args = [...exit_args];
            comp = comp.parent_compartment;
        }
    }

    __kernel(__e) {
        // Route event to current state.
        this.__router(__e);
        // Drain any transitions queued by the handler.
        while (this.__next_compartment !== null) {
            const next_compartment = this.__next_compartment;
            this.__next_compartment = null;
            // Exit the current (leaf) state.
            const exit_event = new PushPopFrameEvent("<$", this.__compartment.exit_args);
            this.__router(exit_event);
            // Switch to the new compartment.
            this.__compartment = next_compartment;
            // Three-branch forward-event handling.
            const forward_event = next_compartment.forward_event;
            next_compartment.forward_event = null;
            if (forward_event === null) {
                // No forwarded event — synthesize a fresh $>.
                const enter_event = new PushPopFrameEvent("$>", this.__compartment.enter_args);
                this.__router(enter_event);
            } else if (forward_event._message === "$>") {
                // Forwarded event IS $> — dispatch directly so the
                // destination's $> handler receives the caller's payload.
                this.__router(forward_event);
            } else {
                // Forwarded event is not $> — initialize the destination
                // with a fresh $>, then dispatch the forward.
                const enter_event = new PushPopFrameEvent("$>", this.__compartment.enter_args);
                this.__router(enter_event);
                this.__router(forward_event);
            }
            for (const ctx of this._context_stack) {
                ctx._transitioned = true;
            }
        }
    }

    __router(__e) {
        const handler_name = `_state_${this.__compartment.state}`;
        const handler = this[handler_name];
        if (handler) {
            handler.call(this, __e, this.__compartment);
        }
    }

    __transition(next_compartment) {
        this.__next_compartment = next_compartment;
    }

    ping() {
        const __e = new PushPopFrameEvent("ping", []);
        const __ctx = new PushPopFrameContext(__e, null);
        this._context_stack.push(__ctx);
        this.__kernel(__e);
        return this._context_stack.pop()._return;
    }

    nest() {
        const __e = new PushPopFrameEvent("nest", []);
        const __ctx = new PushPopFrameContext(__e, null);
        this._context_stack.push(__ctx);
        this.__kernel(__e);
        return this._context_stack.pop()._return;
    }

    unnest() {
        const __e = new PushPopFrameEvent("unnest", []);
        const __ctx = new PushPopFrameContext(__e, null);
        this._context_stack.push(__ctx);
        this.__kernel(__e);
        return this._context_stack.pop()._return;
    }

    leaf() {
        const __e = new PushPopFrameEvent("leaf", []);
        const __ctx = new PushPopFrameContext(__e, null);
        this._context_stack.push(__ctx);
        this.__kernel(__e);
        return this._context_stack.pop()._return;
    }

    _state_Idle(__e, compartment) {
        if (__e._message === "nest") {
            this._s_Idle_hdl_user_nest(__e, compartment);
            return;
        }
        if (__e._message === "ping") {
            this._s_Idle_hdl_user_ping(__e, compartment);
            return;
        }
    }

    _state_Nested(__e, compartment) {
        if (__e._message === "leaf") {
            this._s_Nested_hdl_user_leaf(__e, compartment);
            return;
        }
        if (__e._message === "unnest") {
            this._s_Nested_hdl_user_unnest(__e, compartment);
            return;
        }
    }

    _s_Idle_hdl_user_nest(__e, compartment) {
        this._state_stack.push(this.__compartment);
        const __compartment = this.__prepareEnter("Nested", [], []);
        this.__transition(__compartment);
        return;
    }

    _s_Idle_hdl_user_ping(__e, compartment) {
        self.pings = self.pings + 1
    }

    _s_Nested_hdl_user_leaf(__e, compartment) {
        self.leaves = self.leaves + 1
    }

    _s_Nested_hdl_user_unnest(__e, compartment) {
        const __saved = this._state_stack.pop();
        this.__transition(__saved);
        return;
    }
}
