---
source: framec/tests/lua_snapshots.rs
expression: "compile_fixture(\"03_persist\", \"lua\")"
---
local CounterFrameEvent = {}
CounterFrameEvent.__index = CounterFrameEvent

function CounterFrameEvent.new(message, parameters)
    local self = setmetatable({}, CounterFrameEvent)
    self._message = message
    self._parameters = parameters or {}
    return self
end


local CounterFrameContext = {}
CounterFrameContext.__index = CounterFrameContext

function CounterFrameContext.new(event, default_return)
    local self = setmetatable({}, CounterFrameContext)
    self._event = event
    self._return = default_return
    self._data = {}
    self._transitioned = false
    return self
end


local CounterCompartment = {}
CounterCompartment.__index = CounterCompartment

function CounterCompartment.new(state, parent_compartment)
    local self = setmetatable({}, CounterCompartment)
    self.state = state
    self.state_args = {}
    self.state_vars = {}
    self.enter_args = {}
    self.exit_args = {}
    self.forward_event = nil
    self.parent_compartment = parent_compartment
    return self
end

function CounterCompartment:copy()
    local c = CounterCompartment.new(self.state, self.parent_compartment)
    c.state_args = {}
    for k, v in pairs(self.state_args) do c.state_args[k] = v end
    c.state_vars = {}
    for k, v in pairs(self.state_vars) do c.state_vars[k] = v end
    c.enter_args = {}
    for k, v in pairs(self.enter_args) do c.enter_args[k] = v end
    c.exit_args = {}
    for k, v in pairs(self.exit_args) do c.exit_args[k] = v end
    c.forward_event = self.forward_event
    return c
end


local Counter = {}
Counter.__index = Counter

function Counter.new()
    local self = setmetatable({}, Counter)
    self._state_stack = {}
    self._context_stack = {}
    self.count = 0
    self.__compartment = self:__prepareEnter("Counting", nil, nil)
    self.__next_compartment = nil
    return self
end

function Counter:_frame_init()
    local __e = CounterFrameEvent.new("$>", self.__compartment.enter_args)
    local __ctx = CounterFrameContext.new(__e, nil)
    self._context_stack[#self._context_stack + 1] = __ctx
    self:__kernel(__e)
    table.remove(self._context_stack)
end

function Counter._create()
    local c = Counter.new()
    c:_frame_init()
    return c
end

function Counter:hsm_chain()
    local t = {}
    t["Counting"] = {"Counting"}
    return t
end
function Counter:__prepareEnter(leaf, state_args, enter_args)
    state_args = state_args or {}
    enter_args = enter_args or {}
    local comp = nil
    local chain = self:hsm_chain()[leaf]
    for i = 1, #chain do
        local new_comp = CounterCompartment.new(chain[i])
        new_comp.state_args = {}
        for j = 1, #state_args do new_comp.state_args[j] = state_args[j] end
        new_comp.enter_args = {}
        for j = 1, #enter_args do new_comp.enter_args[j] = enter_args[j] end
        new_comp.parent_compartment = comp
        comp = new_comp
    end
    return comp
end

function Counter:__prepareExit(exit_args)
    local comp = self.__compartment
    while comp ~= nil do
        comp.exit_args = {}
        for j = 1, #exit_args do comp.exit_args[j] = exit_args[j] end
        comp = comp.parent_compartment
    end
end

function Counter:__kernel(__e)
    -- Route event to current state.
    self:__router(__e)
    -- Drain any transitions queued by the handler.
    while self.__next_compartment ~= nil do
        local next_compartment = self.__next_compartment
        self.__next_compartment = nil
        local exit_event = CounterFrameEvent.new("<$", self.__compartment.exit_args)
        self:__router(exit_event)
        self.__compartment = next_compartment
        local forward_event = next_compartment.forward_event
        next_compartment.forward_event = nil
        if forward_event == nil then
            local enter_event = CounterFrameEvent.new("$>", self.__compartment.enter_args)
            self:__router(enter_event)
        elseif forward_event._message == "$>" then
            self:__router(forward_event)
        else
            local enter_event = CounterFrameEvent.new("$>", self.__compartment.enter_args)
            self:__router(enter_event)
            self:__router(forward_event)
        end
        for _, ctx in ipairs(self._context_stack) do
            ctx._transitioned = true
        end
    end
end

function Counter:__router(__e)
    local handler = self["_state_" .. self.__compartment.state]
    if handler then
        handler(self, __e, self.__compartment)
    end
end

function Counter:__transition(next_compartment)
    self.__next_compartment = next_compartment
end

function Counter:increment(by)
    local __e = CounterFrameEvent.new("increment", {by})
    local __ctx = CounterFrameContext.new(__e, nil)
    self._context_stack[#self._context_stack + 1] = __ctx
    self:__kernel(__e)
    return table.remove(self._context_stack)._return
end

function Counter:value()
    local __e = CounterFrameEvent.new("value", {})
    local __ctx = CounterFrameContext.new(__e, nil)
    __ctx._return = 0
    self._context_stack[#self._context_stack + 1] = __ctx
    self:__kernel(__e)
    return table.remove(self._context_stack)._return
end

function Counter:_state_Counting(__e, compartment)
    if __e._message == "increment" then
        self:_s_Counting_hdl_user_increment(__e, compartment)
        return
    end
    if __e._message == "value" then
        self:_s_Counting_hdl_user_value(__e, compartment)
        return
    end
end

function Counter:_s_Counting_hdl_user_increment(__e, compartment)
    local by = __e._parameters[1]
    self.count = self.count + by
end

function Counter:_s_Counting_hdl_user_value(__e, compartment)
    self._context_stack[#self._context_stack]._return = self.count
end

function Counter:snapshot()
    if #self._context_stack > 0 then error("E700: system not quiescent") end
    local serpent = require("serpent")
    local function serialize_comp(comp)
        if not comp then return nil end
        local t = {}
        t.state = comp.state
        t.state_args = comp.state_args
        t.state_vars = comp.state_vars
        t.enter_args = comp.enter_args
        t.exit_args = comp.exit_args
        t.forward_event = comp.forward_event
        t.parent_compartment = serialize_comp(comp.parent_compartment)
        return t
    end
    local stack = {}
    for _, c in ipairs(self._state_stack) do
        stack[#stack + 1] = serialize_comp(c)
    end
    local result = {}
    result._compartment = serialize_comp(self.__compartment)
    result._state_stack = stack
    result.count = self.count
    return serpent.dump(result)
end

function Counter:restore(json_str)
    local serpent = require("serpent")
    local ok, _parsed = serpent.load(json_str)
    if not ok then error("persist load failed: " .. tostring(_parsed)) end
    local function deserialize_comp(d)
        if not d then return nil end
        local comp = CounterCompartment.new(d.state)
        comp.state_args = d.state_args or {}
        comp.state_vars = d.state_vars or {}
        comp.enter_args = d.enter_args or {}
        comp.exit_args = d.exit_args or {}
        comp.forward_event = d.forward_event
        comp.parent_compartment = deserialize_comp(d.parent_compartment)
        return comp
    end
    self.__compartment = deserialize_comp(_parsed._compartment)
    self.__next_compartment = nil
    self._state_stack = {}
    self._context_stack = {}
    if _parsed._state_stack then
        for _, c in ipairs(_parsed._state_stack) do
            self._state_stack[#self._state_stack + 1] = deserialize_comp(c)
        end
    end
    self.count = _parsed.count
end
